
Allocating common symbols
Common symbol       size              file

tch_hal_instance    0x1c              c:/Users/innocentevil/arm_cworkspace/tachyos_v0.0.3/Debug/hal/tch_hal.o

Discarded input sections

 .group         0x00000000        0x8 c:/Users/innocentevil/arm_cworkspace/tachyos_v0.0.3/Debug/port/tch_port.o
 .group         0x00000000        0x8 c:/Users/innocentevil/arm_cworkspace/tachyos_v0.0.3/Debug/port/tch_port.o
 .group         0x00000000        0x8 c:/Users/innocentevil/arm_cworkspace/tachyos_v0.0.3/Debug/port/tch_port.o
 .group         0x00000000        0x8 c:/Users/innocentevil/arm_cworkspace/tachyos_v0.0.3/Debug/port/tch_port.o
 .group         0x00000000        0x8 c:/Users/innocentevil/arm_cworkspace/tachyos_v0.0.3/Debug/port/tch_port.o
 .group         0x00000000        0x8 c:/Users/innocentevil/arm_cworkspace/tachyos_v0.0.3/Debug/port/tch_port.o
 .group         0x00000000        0x8 c:/Users/innocentevil/arm_cworkspace/tachyos_v0.0.3/Debug/port/tch_port.o
 .group         0x00000000        0x8 c:/Users/innocentevil/arm_cworkspace/tachyos_v0.0.3/Debug/port/tch_port.o
 .group         0x00000000        0x8 c:/Users/innocentevil/arm_cworkspace/tachyos_v0.0.3/Debug/port/tch_port.o
 .group         0x00000000        0x8 c:/Users/innocentevil/arm_cworkspace/tachyos_v0.0.3/Debug/port/tch_port.o
 .group         0x00000000        0x8 c:/Users/innocentevil/arm_cworkspace/tachyos_v0.0.3/Debug/port/tch_port.o
 .group         0x00000000        0x8 c:/Users/innocentevil/arm_cworkspace/tachyos_v0.0.3/Debug/port/tch_port.o
 .group         0x00000000        0x8 c:/Users/innocentevil/arm_cworkspace/tachyos_v0.0.3/Debug/port/tch_port.o
 .group         0x00000000        0x8 c:/Users/innocentevil/arm_cworkspace/tachyos_v0.0.3/Debug/port/tch_port.o
 .group         0x00000000        0x8 c:/Users/innocentevil/arm_cworkspace/tachyos_v0.0.3/Debug/port/tch_port.o
 .group         0x00000000        0x8 c:/Users/innocentevil/arm_cworkspace/tachyos_v0.0.3/Debug/port/tch_port.o
 .group         0x00000000        0x8 c:/Users/innocentevil/arm_cworkspace/tachyos_v0.0.3/Debug/port/tch_port.o
 .text          0x00000000        0x0 c:/Users/innocentevil/arm_cworkspace/tachyos_v0.0.3/Debug/port/tch_port.o
 .data          0x00000000        0x0 c:/Users/innocentevil/arm_cworkspace/tachyos_v0.0.3/Debug/port/tch_port.o
 .bss           0x00000000        0x0 c:/Users/innocentevil/arm_cworkspace/tachyos_v0.0.3/Debug/port/tch_port.o
 .text.tch_port_disableISR
                0x00000000        0xc c:/Users/innocentevil/arm_cworkspace/tachyos_v0.0.3/Debug/port/tch_port.o
 .text          0x00000000       0x14 c:/Users/innocentevil/arm_cworkspace/tachyos_v0.0.3/Debug/hal/startup_stm32f40xx.o
 .data          0x00000000        0x0 c:/Users/innocentevil/arm_cworkspace/tachyos_v0.0.3/Debug/hal/startup_stm32f40xx.o
 .bss           0x00000000        0x0 c:/Users/innocentevil/arm_cworkspace/tachyos_v0.0.3/Debug/hal/startup_stm32f40xx.o
 .group         0x00000000        0x8 c:/Users/innocentevil/arm_cworkspace/tachyos_v0.0.3/Debug/hal/system_stm32f4xx.o
 .group         0x00000000        0x8 c:/Users/innocentevil/arm_cworkspace/tachyos_v0.0.3/Debug/hal/system_stm32f4xx.o
 .group         0x00000000        0x8 c:/Users/innocentevil/arm_cworkspace/tachyos_v0.0.3/Debug/hal/system_stm32f4xx.o
 .group         0x00000000        0x8 c:/Users/innocentevil/arm_cworkspace/tachyos_v0.0.3/Debug/hal/system_stm32f4xx.o
 .group         0x00000000        0x8 c:/Users/innocentevil/arm_cworkspace/tachyos_v0.0.3/Debug/hal/system_stm32f4xx.o
 .group         0x00000000        0x8 c:/Users/innocentevil/arm_cworkspace/tachyos_v0.0.3/Debug/hal/system_stm32f4xx.o
 .group         0x00000000        0x8 c:/Users/innocentevil/arm_cworkspace/tachyos_v0.0.3/Debug/hal/system_stm32f4xx.o
 .group         0x00000000        0x8 c:/Users/innocentevil/arm_cworkspace/tachyos_v0.0.3/Debug/hal/system_stm32f4xx.o
 .group         0x00000000        0x8 c:/Users/innocentevil/arm_cworkspace/tachyos_v0.0.3/Debug/hal/system_stm32f4xx.o
 .group         0x00000000        0x8 c:/Users/innocentevil/arm_cworkspace/tachyos_v0.0.3/Debug/hal/system_stm32f4xx.o
 .group         0x00000000        0x8 c:/Users/innocentevil/arm_cworkspace/tachyos_v0.0.3/Debug/hal/system_stm32f4xx.o
 .group         0x00000000        0x8 c:/Users/innocentevil/arm_cworkspace/tachyos_v0.0.3/Debug/hal/system_stm32f4xx.o
 .group         0x00000000        0x8 c:/Users/innocentevil/arm_cworkspace/tachyos_v0.0.3/Debug/hal/system_stm32f4xx.o
 .group         0x00000000        0x8 c:/Users/innocentevil/arm_cworkspace/tachyos_v0.0.3/Debug/hal/system_stm32f4xx.o
 .group         0x00000000        0x8 c:/Users/innocentevil/arm_cworkspace/tachyos_v0.0.3/Debug/hal/system_stm32f4xx.o
 .text          0x00000000        0x0 c:/Users/innocentevil/arm_cworkspace/tachyos_v0.0.3/Debug/hal/system_stm32f4xx.o
 .data          0x00000000        0x0 c:/Users/innocentevil/arm_cworkspace/tachyos_v0.0.3/Debug/hal/system_stm32f4xx.o
[...]
Memory Configuration

Name             Origin             Length             Attributes
RAM              0x20000000         0x00020000         xrw
CCMRAM           0x10000000         0x00010000         xrw
FLASH            0x08000000         0x00100000         xr
FLASHB1          0x00000000         0x00000000         xr
EXTMEMB0         0x00000000         0x00000000         xr
EXTMEMB1         0x00000000         0x00000000         xr
EXTMEMB2         0x00000000         0x00000000         xr
EXTMEMB3         0x00000000         0x00000000         xr
MEMORY_ARRAY     0x20002000         0x00000020         xrw
*default*        0x00000000         0xffffffff

Linker script and memory map

LOAD c:/Users/innocentevil/arm_cworkspace/tachyos_v0.0.3/Debug/port/tch_port.o
LOAD c:/Users/innocentevil/arm_cworkspace/tachyos_v0.0.3/Debug/hal/startup_stm32f40xx.o
LOAD c:/Users/innocentevil/arm_cworkspace/tachyos_v0.0.3/Debug/hal/system_stm32f4xx.o
LOAD c:/Users/innocentevil/arm_cworkspace/tachyos_v0.0.3/Debug/hal/tch_adc.o
LOAD c:/Users/innocentevil/arm_cworkspace/tachyos_v0.0.3/Debug/hal/tch_dma.o
LOAD c:/Users/innocentevil/arm_cworkspace/tachyos_v0.0.3/Debug/hal/tch_gpio.o
LOAD c:/Users/innocentevil/arm_cworkspace/tachyos_v0.0.3/Debug/hal/tch_hal.o
LOAD c:/Users/innocentevil/arm_cworkspace/tachyos_v0.0.3/Debug/hal/tch_i2c.o
LOAD c:/Users/innocentevil/arm_cworkspace/tachyos_v0.0.3/Debug/hal/tch_rtc.o
LOAD c:/Users/innocentevil/arm_cworkspace/tachyos_v0.0.3/Debug/hal/tch_spi.o
LOAD c:/Users/innocentevil/arm_cworkspace/tachyos_v0.0.3/Debug/hal/tch_timer.o
LOAD c:/Users/innocentevil/arm_cworkspace/tachyos_v0.0.3/Debug/hal/tch_usart.o
LOAD c:/Users/innocentevil/arm_cworkspace/tachyos_v0.0.3/Debug/lib/tch_absdata.o
LOAD c:/Users/innocentevil/arm_cworkspace/tachyos_v0.0.3/Debug/lib/tch_lib.o
LOAD c:/Users/innocentevil/arm_cworkspace/tachyos_v0.0.3/Debug/sys/tch_ipc.o
LOAD c:/Users/innocentevil/arm_cworkspace/tachyos_v0.0.3/Debug/sys/tch_mpool.o
LOAD c:/Users/innocentevil/arm_cworkspace/tachyos_v0.0.3/Debug/sys/tch_mtx.o
LOAD c:/Users/innocentevil/arm_cworkspace/tachyos_v0.0.3/Debug/sys/tch_sched.o
LOAD c:/Users/innocentevil/arm_cworkspace/tachyos_v0.0.3/Debug/sys/tch_sig.o
LOAD c:/Users/innocentevil/arm_cworkspace/tachyos_v0.0.3/Debug/sys/tch_sys.o
LOAD c:/Users/innocentevil/arm_cworkspace/tachyos_v0.0.3/Debug/sys/tch_thread.o
LOAD c:/Users/innocentevil/arm_cworkspace/tachyos_v0.0.3/Debug/sys/tch_vtimer.o
LOAD c:/Users/innocentevil/arm_cworkspace/tachyos_v0.0.3/Debug/sys/tch_mem.o
LOAD c:/Users/innocentevil/arm_cworkspace/tachyos_v0.0.3/Debug/usr/main.o
                0x00000400                __Stack_Size = 0x400
                0x00000400                PROVIDE (_Stack_Size, __Stack_Size)
                0x2001fc00                __Stack_Init = (_estack - __Stack_Size)
                0x2001fc00                PROVIDE (_Stack_Init, __Stack_Init)
                0x00000100                _Minimum_Stack_Size = 0x100
                0x20020000                _estack = 0x20020000

.isr_vector     0x08000000      0x188
                0x08000000                . = ALIGN (0x4)
 *(.isr_vector)
 .isr_vector    0x08000000      0x188 c:/Users/innocentevil/arm_cworkspace/tachyos_v0.0.3/Debug/hal/startup_stm32f40xx.o
                0x08000000                g_pfnVectors
                0x08000188                . = ALIGN (0x4)

.flashtext      0x08000188        0x0
                0x08000188                . = ALIGN (0x4)
 *(.flashtext)
                0x08000188                . = ALIGN (0x4)

.text           0x08000188     0x2510
                0x08000188                . = ALIGN (0x4)
 *(.text)
 *(.text.*)
 .text.NVIC_EnableIRQ
                0x08000188       0x38 c:/Users/innocentevil/arm_cworkspace/tachyos_v0.0.3/Debug/port/tch_port.o
 .text.NVIC_SetPriority
                0x080001c0       0x5c c:/Users/innocentevil/arm_cworkspace/tachyos_v0.0.3/Debug/port/tch_port.o
 .text.SysTick_Config
                0x0800021c       0x64 c:/Users/innocentevil/arm_cworkspace/tachyos_v0.0.3/Debug/port/tch_port.o
 .text.tch_port_init
                0x08000280       0xac c:/Users/innocentevil/arm_cworkspace/tachyos_v0.0.3/Debug/port/tch_port.o
                0x08000280                tch_port_init
 .text.tch_port_enableSysTick
                0x0800032c       0x14 c:/Users/innocentevil/arm_cworkspace/tachyos_v0.0.3/Debug/port/tch_port.o
                0x0800032c                tch_port_enableSysTick
 .text.tch_port_kernel_lock
                0x08000340       0x1c c:/Users/innocentevil/arm_cworkspace/tachyos_v0.0.3/Debug/port/tch_port.o
                0x08000340                tch_port_kernel_lock
 .text.tch_port_kernel_unlock
                0x0800035c       0x1c c:/Users/innocentevil/arm_cworkspace/tachyos_v0.0.3/Debug/port/tch_port.o
                0x0800035c                tch_port_kernel_unlock
 .text.tch_port_isISR
                0x08000378       0x24 c:/Users/innocentevil/arm_cworkspace/tachyos_v0.0.3/Debug/port/tch_port.o
                0x08000378                tch_port_isISR
 .text.tch_port_enableISR
                0x0800039c        0xc c:/Users/innocentevil/arm_cworkspace/tachyos_v0.0.3/Debug/port/tch_port.o
                0x0800039c                tch_port_enableISR
 .text.tch_port_switchContext
                0x080003a8       0x2c c:/Users/innocentevil/arm_cworkspace/tachyos_v0.0.3/Debug/port/tch_port.o
                0x080003a8                tch_port_switchContext
 .text.tch_port_jmpToKernelModeThread
                0x080003d4       0x54 c:/Users/innocentevil/arm_cworkspace/tachyos_v0.0.3/Debug/port/tch_port.o
                0x080003d4                tch_port_jmpToKernelModeThread
 .text.tch_port_enterSvFromUsr
                0x08000428       0x28 c:/Users/innocentevil/arm_cworkspace/tachyos_v0.0.3/Debug/port/tch_port.o
                0x08000428                tch_port_enterSvFromUsr
 .text.tch_port_enterSvFromIsr
                0x08000450       0xa0 c:/Users/innocentevil/arm_cworkspace/tachyos_v0.0.3/Debug/port/tch_port.o
                0x08000450                tch_port_enterSvFromIsr
 .text.tch_port_makeInitialContext
                0x080004f0       0x70 c:/Users/innocentevil/arm_cworkspace/tachyos_v0.0.3/Debug/port/tch_port.o
                0x080004f0                tch_port_makeInitialContext
 .text.__pend_loop
                0x08000560        0xc c:/Users/innocentevil/arm_cworkspace/tachyos_v0.0.3/Debug/port/tch_port.o
 .text.SysTick_Handler
                0x0800056c        0xc c:/Users/innocentevil/arm_cworkspace/tachyos_v0.0.3/Debug/port/tch_port.o
                0x0800056c                SysTick_Handler
 .text.SVC_Handler
                0x08000578       0x2c c:/Users/innocentevil/arm_cworkspace/tachyos_v0.0.3/Debug/port/tch_port.o
                0x08000578                SVC_Handler
 .text.PendSV_Handler
                0x080005a4       0x40 c:/Users/innocentevil/arm_cworkspace/tachyos_v0.0.3/Debug/port/tch_port.o
                0x080005a4                PendSV_Handler
 .text.Reset_Handler
                0x080005e4       0x4c c:/Users/innocentevil/arm_cworkspace/tachyos_v0.0.3/Debug/hal/startup_stm32f40xx.o
                0x080005e4                Reset_Handler
 .text.Default_Handler
                0x08000630        0x4 c:/Users/innocentevil/arm_cworkspace/tachyos_v0.0.3/Debug/hal/startup_stm32f40xx.o
                0x08000630                RTC_Alarm_IRQHandler
                0x08000630                HASH_RNG_IRQHandler
                0x08000630                EXTI2_IRQHandler
                0x08000630                TIM8_CC_IRQHandler
                0x08000630                DebugMon_Handler
                0x08000630                TIM1_CC_IRQHandler
                0x08000630                DMA2_Stream5_IRQHandler
                0x08000630                HardFault_Handler
                0x08000630                DMA1_Stream5_IRQHandler
                0x08000630                PVD_IRQHandler
                0x08000630                SDIO_IRQHandler
                0x08000630                TAMP_STAMP_IRQHandler
                0x08000630                NMI_Handler
                0x08000630                CAN2_RX1_IRQHandler
                0x08000630                EXTI3_IRQHandler
                0x08000630                TIM8_TRG_COM_TIM14_IRQHandler
                0x08000630                TIM1_UP_TIM10_IRQHandler
                0x08000630                TIM8_UP_TIM13_IRQHandler
                0x08000630                I2C3_ER_IRQHandler
                0x08000630                EXTI0_IRQHandler
                0x08000630                I2C2_EV_IRQHandler
                0x08000630                DMA1_Stream2_IRQHandler
                0x08000630                CAN1_RX0_IRQHandler
                0x08000630                FPU_IRQHandler
                0x08000630                OTG_HS_WKUP_IRQHandler
                0x08000630                UsageFault_Handler
                0x08000630                CAN2_SCE_IRQHandler
                0x08000630                DMA2_Stream2_IRQHandler
                0x08000630                SPI1_IRQHandler
                0x08000630                TIM6_DAC_IRQHandler
                0x08000630                TIM1_BRK_TIM9_IRQHandler
                0x08000630                DCMI_IRQHandler
                0x08000630                CAN2_RX0_IRQHandler
                0x08000630                DMA2_Stream3_IRQHandler
                0x08000630                USART6_IRQHandler
                0x08000630                USART3_IRQHandler
                0x08000630                CRYP_IRQHandler
                0x08000630                CAN1_RX1_IRQHandler
                0x08000630                UART5_IRQHandler
                0x08000630                DMA2_Stream0_IRQHandler
                0x08000630                TIM4_IRQHandler
                0x08000630                I2C1_EV_IRQHandler
                0x08000630                DMA1_Stream6_IRQHandler
                0x08000630                DMA1_Stream1_IRQHandler
                0x08000630                UART4_IRQHandler
                0x08000630                TIM3_IRQHandler
                0x08000630                RCC_IRQHandler
                0x08000630                TIM8_BRK_TIM12_IRQHandler
                0x08000630                Default_Handler
                0x08000630                EXTI15_10_IRQHandler
                0x08000630                ADC_IRQHandler
                0x08000630                DMA1_Stream7_IRQHandler
                0x08000630                TIM7_IRQHandler
                0x08000630                CAN2_TX_IRQHandler
                0x08000630                TIM5_IRQHandler
                0x08000630                DMA2_Stream7_IRQHandler
                0x08000630                I2C3_EV_IRQHandler
                0x08000630                EXTI9_5_IRQHandler
                0x08000630                RTC_WKUP_IRQHandler
                0x08000630                ETH_WKUP_IRQHandler
                0x08000630                SPI2_IRQHandler
                0x08000630                OTG_HS_EP1_IN_IRQHandler
                0x08000630                MemManage_Handler
                0x08000630                DMA1_Stream0_IRQHandler
                0x08000630                CAN1_TX_IRQHandler
                0x08000630                EXTI4_IRQHandler
                0x08000630                FSMC_IRQHandler
                0x08000630                ETH_IRQHandler
                0x08000630                OTG_HS_EP1_OUT_IRQHandler
                0x08000630                WWDG_IRQHandler
                0x08000630                TIM2_IRQHandler
                0x08000630                OTG_FS_WKUP_IRQHandler
                0x08000630                TIM1_TRG_COM_TIM11_IRQHandler
                0x08000630                OTG_HS_IRQHandler
                0x08000630                EXTI1_IRQHandler
                0x08000630                USART2_IRQHandler
                0x08000630                I2C2_ER_IRQHandler
                0x08000630                DMA2_Stream1_IRQHandler
                0x08000630                CAN1_SCE_IRQHandler
                0x08000630                FLASH_IRQHandler
                0x08000630                DMA2_Stream4_IRQHandler
                0x08000630                BusFault_Handler
                0x08000630                USART1_IRQHandler
                0x08000630                OTG_FS_IRQHandler
                0x08000630                SPI3_IRQHandler
                0x08000630                DMA1_Stream4_IRQHandler
                0x08000630                I2C1_ER_IRQHandler
                0x08000630                DMA2_Stream6_IRQHandler
                0x08000630                DMA1_Stream3_IRQHandler
 .text.SystemInit
                0x08000634       0xb0 c:/Users/innocentevil/arm_cworkspace/tachyos_v0.0.3/Debug/hal/system_stm32f4xx.o
                0x08000634                SystemInit
 .text.SetSysClock
                0x080006e4      0x198 c:/Users/innocentevil/arm_cworkspace/tachyos_v0.0.3/Debug/hal/system_stm32f4xx.o
 .text.tch_hal_init
                0x0800087c       0xa0 c:/Users/innocentevil/arm_cworkspace/tachyos_v0.0.3/Debug/hal/tch_hal.o
                0x0800087c                tch_hal_init
 .text.tch_lld_timer_openGpTimer
                0x0800091c       0x18 c:/Users/innocentevil/arm_cworkspace/tachyos_v0.0.3/Debug/hal/tch_timer.o
 .text.tch_lld_timer_openPWM
                0x08000934       0x18 c:/Users/innocentevil/arm_cworkspace/tachyos_v0.0.3/Debug/hal/tch_timer.o
 .text.tch_lld_timer_openTimerCapture
                0x0800094c       0x18 c:/Users/innocentevil/arm_cworkspace/tachyos_v0.0.3/Debug/hal/tch_timer.o
 .text.tch_genericQue_Init
                0x08000964       0x24 c:/Users/innocentevil/arm_cworkspace/tachyos_v0.0.3/Debug/lib/tch_absdata.o
                0x08000964                tch_genericQue_Init
 .text.tch_genericQue_enqueueWithCompare
                0x08000988       0xe4 c:/Users/innocentevil/arm_cworkspace/tachyos_v0.0.3/Debug/lib/tch_absdata.o
                0x08000988                tch_genericQue_enqueueWithCompare
 .text.tch_genericQue_dequeue
                0x08000a6c       0x54 c:/Users/innocentevil/arm_cworkspace/tachyos_v0.0.3/Debug/lib/tch_absdata.o
                0x08000a6c                tch_genericQue_dequeue
 .text.tch_genericQue_remove
                0x08000ac0       0x80 c:/Users/innocentevil/arm_cworkspace/tachyos_v0.0.3/Debug/lib/tch_absdata.o
                0x08000ac0                tch_genericQue_remove
 .text.tch_memset
                0x08000b40       0x48 c:/Users/innocentevil/arm_cworkspace/tachyos_v0.0.3/Debug/lib/tch_lib.o
                0x08000b40                tch_memset
 .text.tch_msgQ_create
                0x08000b88       0x78 c:/Users/innocentevil/arm_cworkspace/tachyos_v0.0.3/Debug/sys/tch_ipc.o
 .text.tch_msgQ_put
                0x08000c00      0x11c c:/Users/innocentevil/arm_cworkspace/tachyos_v0.0.3/Debug/sys/tch_ipc.o
 .text.tch_msgQ_get
                0x08000d1c      0x160 c:/Users/innocentevil/arm_cworkspace/tachyos_v0.0.3/Debug/sys/tch_ipc.o
 .text.tch_mailQ_create
                0x08000e7c       0xd8 c:/Users/innocentevil/arm_cworkspace/tachyos_v0.0.3/Debug/sys/tch_ipc.o
 .text.tch_mailQ_alloc
                0x08000f54       0x78 c:/Users/innocentevil/arm_cworkspace/tachyos_v0.0.3/Debug/sys/tch_ipc.o
 .text.tch_mailQ_calloc
                0x08000fcc       0x8c c:/Users/innocentevil/arm_cworkspace/tachyos_v0.0.3/Debug/sys/tch_ipc.o
 .text.tch_mailQ_free
                0x08001058       0x84 c:/Users/innocentevil/arm_cworkspace/tachyos_v0.0.3/Debug/sys/tch_ipc.o
 .text.tch_mailQ_get
                0x080010dc       0xd0 c:/Users/innocentevil/arm_cworkspace/tachyos_v0.0.3/Debug/sys/tch_ipc.o
 .text.tch_mailQ_put
                0x080011ac       0x98 c:/Users/innocentevil/arm_cworkspace/tachyos_v0.0.3/Debug/sys/tch_ipc.o
 .text.tch_mpool_create
                0x08001244       0xa8 c:/Users/innocentevil/arm_cworkspace/tachyos_v0.0.3/Debug/sys/tch_mpool.o
 .text.tch_mpool_alloc
                0x080012ec       0x34 c:/Users/innocentevil/arm_cworkspace/tachyos_v0.0.3/Debug/sys/tch_mpool.o
 .text.tch_mpool_calloc
                0x08001320       0x3c c:/Users/innocentevil/arm_cworkspace/tachyos_v0.0.3/Debug/sys/tch_mpool.o
 .text.tch_mpool_free
                0x0800135c       0x50 c:/Users/innocentevil/arm_cworkspace/tachyos_v0.0.3/Debug/sys/tch_mpool.o
 .text.tch_mtx_create
                0x080013ac       0x28 c:/Users/innocentevil/arm_cworkspace/tachyos_v0.0.3/Debug/sys/tch_mtx.o
 .text.tch_mtx_lock
                0x080013d4       0x80 c:/Users/innocentevil/arm_cworkspace/tachyos_v0.0.3/Debug/sys/tch_mtx.o
 .text.tch_mtx_unlock
                0x08001454       0x50 c:/Users/innocentevil/arm_cworkspace/tachyos_v0.0.3/Debug/sys/tch_mtx.o
 .text.tch_mtx_destroy
                0x080014a4       0x58 c:/Users/innocentevil/arm_cworkspace/tachyos_v0.0.3/Debug/sys/tch_mtx.o
 .text.tch_schedInit
                0x080014fc      0x14c c:/Users/innocentevil/arm_cworkspace/tachyos_v0.0.3/Debug/sys/tch_sched.o
                0x080014fc                tch_schedInit
 .text.tch_schedStartThread
                0x08001648       0xbc c:/Users/innocentevil/arm_cworkspace/tachyos_v0.0.3/Debug/sys/tch_sched.o
                0x08001648                tch_schedStartThread
 .text.tch_schedReady
                0x08001704       0x34 c:/Users/innocentevil/arm_cworkspace/tachyos_v0.0.3/Debug/sys/tch_sched.o
                0x08001704                tch_schedReady
 .text.tch_schedSleep
                0x08001738       0xc8 c:/Users/innocentevil/arm_cworkspace/tachyos_v0.0.3/Debug/sys/tch_sched.o
                0x08001738                tch_schedSleep
 .text.tch_schedSuspend
                0x08001800       0xf4 c:/Users/innocentevil/arm_cworkspace/tachyos_v0.0.3/Debug/sys/tch_sched.o
                0x08001800                tch_schedSuspend
 .text.tch_schedResume
                0x080018f4       0xb0 c:/Users/innocentevil/arm_cworkspace/tachyos_v0.0.3/Debug/sys/tch_sched.o
                0x080018f4                tch_schedResume
 .text.tch_schedResumeAll
                0x080019a4       0xc0 c:/Users/innocentevil/arm_cworkspace/tachyos_v0.0.3/Debug/sys/tch_sched.o
                0x080019a4                tch_schedResumeAll
 .text.tch_kernelSysTick
                0x08001a64      0x144 c:/Users/innocentevil/arm_cworkspace/tachyos_v0.0.3/Debug/sys/tch_sched.o
                0x08001a64                tch_kernelSysTick
 .text.tch_schedGetRunningThread
                0x08001ba8       0x18 c:/Users/innocentevil/arm_cworkspace/tachyos_v0.0.3/Debug/sys/tch_sched.o
                0x08001ba8                tch_schedGetRunningThread
 .text.tch_schedIsPreemtable
                0x08001bc0       0x28 c:/Users/innocentevil/arm_cworkspace/tachyos_v0.0.3/Debug/sys/tch_sched.o
                0x08001bc0                tch_schedIsPreemtable
 .text.tch_schedTerminate
                0x08001be8       0x9c c:/Users/innocentevil/arm_cworkspace/tachyos_v0.0.3/Debug/sys/tch_sched.o
                0x08001be8                tch_schedTerminate
 .text.tch_schedReadyQPolicy
                0x08001c84       0x28 c:/Users/innocentevil/arm_cworkspace/tachyos_v0.0.3/Debug/sys/tch_sched.o
 .text.tch_schedPendQPolicy
                0x08001cac       0x30 c:/Users/innocentevil/arm_cworkspace/tachyos_v0.0.3/Debug/sys/tch_sched.o
 .text.idle     0x08001cdc       0x34 c:/Users/innocentevil/arm_cworkspace/tachyos_v0.0.3/Debug/sys/tch_sched.o
 .text.tch_signal_set
                0x08001d10       0x88 c:/Users/innocentevil/arm_cworkspace/tachyos_v0.0.3/Debug/sys/tch_sig.o
 .text.tch_signal_clear
                0x08001d98       0x8c c:/Users/innocentevil/arm_cworkspace/tachyos_v0.0.3/Debug/sys/tch_sig.o
 .text.tch_signal_wait
                0x08001e24       0x54 c:/Users/innocentevil/arm_cworkspace/tachyos_v0.0.3/Debug/sys/tch_sig.o
 .text.tch_kernelInit
                0x08001e78       0xd8 c:/Users/innocentevil/arm_cworkspace/tachyos_v0.0.3/Debug/sys/tch_sys.o
                0x08001e78                tch_kernelInit
 .text.tch_kernelSvCall
                0x08001f50      0x29c c:/Users/innocentevil/arm_cworkspace/tachyos_v0.0.3/Debug/sys/tch_sys.o
                0x08001f50                tch_kernelSvCall
 .text.tch_kernel_errorHandler
                0x080021ec        0x4 c:/Users/innocentevil/arm_cworkspace/tachyos_v0.0.3/Debug/sys/tch_sys.o
                0x080021ec                tch_kernel_errorHandler
 .text.tch_threadCreate
                0x080021f0       0xe0 c:/Users/innocentevil/arm_cworkspace/tachyos_v0.0.3/Debug/sys/tch_thread.o
 .text.tch_threadStart
                0x080022d0       0x3c c:/Users/innocentevil/arm_cworkspace/tachyos_v0.0.3/Debug/sys/tch_thread.o
 .text.tch_threadTerminate
                0x0800230c       0x18 c:/Users/innocentevil/arm_cworkspace/tachyos_v0.0.3/Debug/sys/tch_thread.o
 .text.tch_threadSelf
                0x08002324       0x10 c:/Users/innocentevil/arm_cworkspace/tachyos_v0.0.3/Debug/sys/tch_thread.o
 .text.tch_threadSleep
                0x08002334       0x40 c:/Users/innocentevil/arm_cworkspace/tachyos_v0.0.3/Debug/sys/tch_thread.o
 .text.tch_threadJoin
                0x08002374       0x54 c:/Users/innocentevil/arm_cworkspace/tachyos_v0.0.3/Debug/sys/tch_thread.o
 .text.tch_threadSetPriority
                0x080023c8       0x1c c:/Users/innocentevil/arm_cworkspace/tachyos_v0.0.3/Debug/sys/tch_thread.o
 .text.tch_threadGetPriorty
                0x080023e4       0x14 c:/Users/innocentevil/arm_cworkspace/tachyos_v0.0.3/Debug/sys/tch_thread.o
 .text.tch_kernelThreadIntegrityCheck
                0x080023f8       0x34 c:/Users/innocentevil/arm_cworkspace/tachyos_v0.0.3/Debug/sys/tch_thread.o
                0x080023f8                tch_kernelThreadIntegrityCheck
 .text.__tch_thread_entry
                0x0800242c       0x3c c:/Users/innocentevil/arm_cworkspace/tachyos_v0.0.3/Debug/sys/tch_thread.o
 .text.tch_kernelHeapInit
                0x08002468       0x8c c:/Users/innocentevil/arm_cworkspace/tachyos_v0.0.3/Debug/sys/tch_mem.o
                0x08002468                tch_kernelHeapInit
 .text.tch_mem_alloc
                0x080024f4       0xd0 c:/Users/innocentevil/arm_cworkspace/tachyos_v0.0.3/Debug/sys/tch_mem.o
 .text.tch_mem_free
                0x080025c4       0x6c c:/Users/innocentevil/arm_cworkspace/tachyos_v0.0.3/Debug/sys/tch_mem.o
 .text.main     0x08002630       0x58 c:/Users/innocentevil/arm_cworkspace/tachyos_v0.0.3/Debug/usr/main.o
                0x08002630                main
 *(.rodata)
 .rodata        0x08002688       0x10 c:/Users/innocentevil/arm_cworkspace/tachyos_v0.0.3/Debug/sys/tch_sched.o
 *(.rodata*)
 *(.glue_7)
 .glue_7        0x00000000        0x0 linker stubs
 *(.glue_7t)
 .glue_7t       0x00000000        0x0 linker stubs
                0x08002698                . = ALIGN (0x4)
                0x08002698                _etext = .
                0x08002698                _sidata = _etext

.vfp11_veneer   0x08002698        0x0
 .vfp11_veneer  0x00000000        0x0 linker stubs

.v4_bx          0x08002698        0x0
 .v4_bx         0x00000000        0x0 linker stubs

.iplt           0x08002698        0x0
 .iplt          0x00000000        0x0 c:/Users/innocentevil/arm_cworkspace/tachyos_v0.0.3/Debug/port/tch_port.o

.rel.dyn        0x08002698        0x0
 .rel.iplt      0x00000000        0x0 c:/Users/innocentevil/arm_cworkspace/tachyos_v0.0.3/Debug/port/tch_port.o

.ROarraySection
 *(.ROarraySection)

.data           0x20000000       0xd0 load address 0x08002698
                0x20000000                . = ALIGN (0x4)
                0x20000000                _sdata = .
 *(.data)
 .data          0x20000000       0x14 c:/Users/innocentevil/arm_cworkspace/tachyos_v0.0.3/Debug/hal/tch_gpio.o
 .data          0x20000014        0x0 c:/Users/innocentevil/arm_cworkspace/tachyos_v0.0.3/Debug/hal/tch_i2c.o
 .data          0x20000014        0x0 c:/Users/innocentevil/arm_cworkspace/tachyos_v0.0.3/Debug/hal/tch_rtc.o
 .data          0x20000014        0x0 c:/Users/innocentevil/arm_cworkspace/tachyos_v0.0.3/Debug/hal/tch_spi.o
 .data          0x20000014       0x10 c:/Users/innocentevil/arm_cworkspace/tachyos_v0.0.3/Debug/hal/tch_timer.o
 .data          0x20000024        0x0 c:/Users/innocentevil/arm_cworkspace/tachyos_v0.0.3/Debug/hal/tch_usart.o
 .data          0x20000024       0x24 c:/Users/innocentevil/arm_cworkspace/tachyos_v0.0.3/Debug/sys/tch_ipc.o
 .data          0x20000048       0x10 c:/Users/innocentevil/arm_cworkspace/tachyos_v0.0.3/Debug/sys/tch_mpool.o
 .data          0x20000058       0x10 c:/Users/innocentevil/arm_cworkspace/tachyos_v0.0.3/Debug/sys/tch_mtx.o
 .data          0x20000068        0xc c:/Users/innocentevil/arm_cworkspace/tachyos_v0.0.3/Debug/sys/tch_sig.o
 .data          0x20000074        0x8 c:/Users/innocentevil/arm_cworkspace/tachyos_v0.0.3/Debug/sys/tch_mem.o
 *(.data.*)
 .data.tch_adc_instance
                0x2000007c        0x4 c:/Users/innocentevil/arm_cworkspace/tachyos_v0.0.3/Debug/hal/tch_adc.o
                0x2000007c                tch_adc_instance
 .data.tch_gpio_instance
                0x20000080        0x4 c:/Users/innocentevil/arm_cworkspace/tachyos_v0.0.3/Debug/hal/tch_gpio.o
                0x20000080                tch_gpio_instance
 .data.tch_i2c_instance
                0x20000084        0x4 c:/Users/innocentevil/arm_cworkspace/tachyos_v0.0.3/Debug/hal/tch_i2c.o
                0x20000084                tch_i2c_instance
 .data.tch_rtc_instance
                0x20000088        0x4 c:/Users/innocentevil/arm_cworkspace/tachyos_v0.0.3/Debug/hal/tch_rtc.o
                0x20000088                tch_rtc_instance
 .data.tch_spi_instance
                0x2000008c        0x4 c:/Users/innocentevil/arm_cworkspace/tachyos_v0.0.3/Debug/hal/tch_spi.o
                0x2000008c                tch_spi_instance
 .data.tch_timer_instance
                0x20000090        0x4 c:/Users/innocentevil/arm_cworkspace/tachyos_v0.0.3/Debug/hal/tch_timer.o
                0x20000090                tch_timer_instance
 .data.tch_usart_instance
                0x20000094        0x4 c:/Users/innocentevil/arm_cworkspace/tachyos_v0.0.3/Debug/hal/tch_usart.o
                0x20000094                tch_usart_instance
 .data.MsgQ     0x20000098        0x4 c:/Users/innocentevil/arm_cworkspace/tachyos_v0.0.3/Debug/sys/tch_ipc.o
                0x20000098                MsgQ
 .data.MailQ    0x2000009c        0x4 c:/Users/innocentevil/arm_cworkspace/tachyos_v0.0.3/Debug/sys/tch_ipc.o
                0x2000009c                MailQ
 .data.Mempool  0x200000a0        0x4 c:/Users/innocentevil/arm_cworkspace/tachyos_v0.0.3/Debug/sys/tch_mpool.o
                0x200000a0                Mempool
 .data.Mtx      0x200000a4        0x4 c:/Users/innocentevil/arm_cworkspace/tachyos_v0.0.3/Debug/sys/tch_mtx.o
                0x200000a4                Mtx
 .data.Sig      0x200000a8        0x4 c:/Users/innocentevil/arm_cworkspace/tachyos_v0.0.3/Debug/sys/tch_sig.o
                0x200000a8                Sig
 .data.tch_threadix
                0x200000ac       0x20 c:/Users/innocentevil/arm_cworkspace/tachyos_v0.0.3/Debug/sys/tch_thread.o
 .data.Thread   0x200000cc        0x4 c:/Users/innocentevil/arm_cworkspace/tachyos_v0.0.3/Debug/sys/tch_thread.o
                0x200000cc                Thread
                0x200000d0                . = ALIGN (0x4)
                0x200000d0                _edata = .

.igot.plt       0x200000d0        0x0 load address 0x08002768
 .igot.plt      0x00000000        0x0 c:/Users/innocentevil/arm_cworkspace/tachyos_v0.0.3/Debug/port/tch_port.o

.bss            0x200000d0       0x1c load address 0x08002768
                0x200000d0                . = ALIGN (0x4)
                0x200000d0                _sbss = .
 *(.bss)
 *(COMMON)
 COMMON         0x200000d0       0x1c c:/Users/innocentevil/arm_cworkspace/tachyos_v0.0.3/Debug/hal/tch_hal.o
                0x200000d0                tch_hal_instance
                0x200000ec                . = ALIGN (0x4)
                0x200000ec                _ebss = .
                0x200000ec                PROVIDE (end, _ebss)
                0x200000ec                PROVIDE (_end, _ebss)

.bss.ADC_StaticInstance
                0x200000ec        0x0 load address 0x08002784
 .bss.ADC_StaticInstance
                0x200000ec        0x0 c:/Users/innocentevil/arm_cworkspace/tachyos_v0.0.3/Debug/hal/tch_adc.o

.bss.MainThread_id
                0x200000ec        0x4 load address 0x08002784
 .bss.MainThread_id
                0x200000ec        0x4 c:/Users/innocentevil/arm_cworkspace/tachyos_v0.0.3/Debug/sys/tch_sched.o

.bss.MAIN_STACK
                0x200000f0    0x10000 load address 0x08002788
 .bss.MAIN_STACK
                0x200000f0    0x10000 c:/Users/innocentevil/arm_cworkspace/tachyos_v0.0.3/Debug/sys/tch_sched.o

.bss.IdleThread_id
                0x200100f0        0x4 load address 0x08012788
 .bss.IdleThread_id
                0x200100f0        0x4 c:/Users/innocentevil/arm_cworkspace/tachyos_v0.0.3/Debug/sys/tch_sched.o

.bss.IDLE_STACK
                0x200100f8     0x4000 load address 0x08012790
 .bss.IDLE_STACK
                0x200100f8     0x4000 c:/Users/innocentevil/arm_cworkspace/tachyos_v0.0.3/Debug/sys/tch_sched.o

.bss.tch_readyQue
                0x200140f8        0x8 load address 0x08016790
 .bss.tch_readyQue
                0x200140f8        0x8 c:/Users/innocentevil/arm_cworkspace/tachyos_v0.0.3/Debug/sys/tch_sched.o

.bss.tch_pendQue
                0x20014100        0x8 load address 0x08016798
 .bss.tch_pendQue
                0x20014100        0x8 c:/Users/innocentevil/arm_cworkspace/tachyos_v0.0.3/Debug/sys/tch_sched.o

.bss.tch_currentThread
                0x20014108        0x4 load address 0x080167a0
 .bss.tch_currentThread
                0x20014108        0x4 c:/Users/innocentevil/arm_cworkspace/tachyos_v0.0.3/Debug/sys/tch_sched.o

.bss._sys       0x2001410c        0x4 load address 0x080167a4
 .bss._sys      0x2001410c        0x4 c:/Users/innocentevil/arm_cworkspace/tachyos_v0.0.3/Debug/sys/tch_sched.o

.bss.tch_systimeTick
                0x20014110        0x8 load address 0x080167a8
 .bss.tch_systimeTick
                0x20014110        0x8 c:/Users/innocentevil/arm_cworkspace/tachyos_v0.0.3/Debug/sys/tch_sched.o

.bss.tch_sys_instance
                0x20014118       0x30 load address 0x080167b0
 .bss.tch_sys_instance
                0x20014118       0x30 c:/Users/innocentevil/arm_cworkspace/tachyos_v0.0.3/Debug/sys/tch_sys.o

.bss.HEAP       0x20014148     0x1000 load address 0x080167e0
 .bss.HEAP      0x20014148     0x1000 c:/Users/innocentevil/arm_cworkspace/tachyos_v0.0.3/Debug/sys/tch_sys.o

.bss.heap_head  0x20015148        0x4 load address 0x080177e0
 .bss.heap_head
                0x20015148        0x4 c:/Users/innocentevil/arm_cworkspace/tachyos_v0.0.3/Debug/sys/tch_mem.o

._usrstack      0x2001514c      0x100 load address 0x080177e4
                0x2001514c                . = ALIGN (0x4)
                0x2001514c                _susrstack = .
                0x2001524c                . = (. + _Minimum_Stack_Size)
 *fill*         0x2001514c      0x100 
                0x2001524c                . = ALIGN (0x4)
                0x2001524c                _eusrstack = .

.b1text
 *(.b1text)
 *(.b1rodata)
 *(.b1rodata*)

.eb0text
 *(.eb0text)
 *(.eb0rodata)
 *(.eb0rodata*)

.eb1text
 *(.eb1text)
 *(.eb1rodata)
 *(.eb1rodata*)

.eb2text
 *(.eb2text)
 *(.eb2rodata)
 *(.eb2rodata*)

.eb3text
 *(.eb3text)
 *(.eb3rodata)
 *(.eb3rodata*)

DISCARD
 libc.a(*)
 libm.a(*)
 libgcc.a(*)

.stab
 *(.stab)

.stabstr
 *(.stabstr)

.stab.excl
 *(.stab.excl)

.stab.exclstr
 *(.stab.exclstr)

.stab.index
 *(.stab.index)

.stab.indexstr
 *(.stab.indexstr)

.comment        0x00000000       0x11
 *(.comment)
 .comment       0x00000000       0x11 c:/Users/innocentevil/arm_cworkspace/tachyos_v0.0.3/Debug/port/tch_port.o
                                 0x12 (size before relaxing)
 .comment       0x00000000       0x12 c:/Users/innocentevil/arm_cworkspace/tachyos_v0.0.3/Debug/hal/system_stm32f4xx.o
 .comment       0x00000000       0x12 c:/Users/innocentevil/arm_cworkspace/tachyos_v0.0.3/Debug/hal/tch_adc.o
 .comment       0x00000000       0x12 c:/Users/innocentevil/arm_cworkspace/tachyos_v0.0.3/Debug/hal/tch_gpio.o
 .comment       0x00000000       0x12 c:/Users/innocentevil/arm_cworkspace/tachyos_v0.0.3/Debug/hal/tch_hal.o
 .comment       0x00000000       0x12 c:/Users/innocentevil/arm_cworkspace/tachyos_v0.0.3/Debug/hal/tch_i2c.o
 .comment       0x00000000       0x12 c:/Users/innocentevil/arm_cworkspace/tachyos_v0.0.3/Debug/hal/tch_rtc.o
 .comment       0x00000000       0x12 c:/Users/innocentevil/arm_cworkspace/tachyos_v0.0.3/Debug/hal/tch_spi.o
 .comment       0x00000000       0x12 c:/Users/innocentevil/arm_cworkspace/tachyos_v0.0.3/Debug/hal/tch_timer.o
 .comment       0x00000000       0x12 c:/Users/innocentevil/arm_cworkspace/tachyos_v0.0.3/Debug/hal/tch_usart.o
 .comment       0x00000000       0x12 c:/Users/innocentevil/arm_cworkspace/tachyos_v0.0.3/Debug/lib/tch_absdata.o
 .comment       0x00000000       0x12 c:/Users/innocentevil/arm_cworkspace/tachyos_v0.0.3/Debug/lib/tch_lib.o
 .comment       0x00000000       0x12 c:/Users/innocentevil/arm_cworkspace/tachyos_v0.0.3/Debug/sys/tch_ipc.o
 .comment       0x00000000       0x12 c:/Users/innocentevil/arm_cworkspace/tachyos_v0.0.3/Debug/sys/tch_mpool.o
 .comment       0x00000000       0x12 c:/Users/innocentevil/arm_cworkspace/tachyos_v0.0.3/Debug/sys/tch_mtx.o
 .comment       0x00000000       0x12 c:/Users/innocentevil/arm_cworkspace/tachyos_v0.0.3/Debug/sys/tch_sched.o
 .comment       0x00000000       0x12 c:/Users/innocentevil/arm_cworkspace/tachyos_v0.0.3/Debug/sys/tch_sig.o
 .comment       0x00000000       0x12 c:/Users/innocentevil/arm_cworkspace/tachyos_v0.0.3/Debug/sys/tch_sys.o
 .comment       0x00000000       0x12 c:/Users/innocentevil/arm_cworkspace/tachyos_v0.0.3/Debug/sys/tch_thread.o
 .comment       0x00000000       0x12 c:/Users/innocentevil/arm_cworkspace/tachyos_v0.0.3/Debug/sys/tch_mem.o
 .comment       0x00000000       0x12 c:/Users/innocentevil/arm_cworkspace/tachyos_v0.0.3/Debug/usr/main.o

.ARM.attributes
                0x00000000       0x37
 .ARM.attributes
                0x00000000       0x39 c:/Users/innocentevil/arm_cworkspace/tachyos_v0.0.3/Debug/port/tch_port.o
 .ARM.attributes
                0x00000039       0x21 c:/Users/innocentevil/arm_cworkspace/tachyos_v0.0.3/Debug/hal/startup_stm32f40xx.o
 .ARM.attributes
                0x0000005a       0x39 c:/Users/innocentevil/arm_cworkspace/tachyos_v0.0.3/Debug/hal/system_stm32f4xx.o
 .ARM.attributes
                0x00000093       0x39 c:/Users/innocentevil/arm_cworkspace/tachyos_v0.0.3/Debug/hal/tch_adc.o
 .ARM.attributes
                0x000000cc       0x39 c:/Users/innocentevil/arm_cworkspace/tachyos_v0.0.3/Debug/hal/tch_gpio.o
 .ARM.attributes
                0x00000105       0x39 c:/Users/innocentevil/arm_cworkspace/tachyos_v0.0.3/Debug/hal/tch_hal.o
 .ARM.attributes
                0x0000013e       0x39 c:/Users/innocentevil/arm_cworkspace/tachyos_v0.0.3/Debug/hal/tch_i2c.o
 .ARM.attributes
                0x00000177       0x39 c:/Users/innocentevil/arm_cworkspace/tachyos_v0.0.3/Debug/hal/tch_rtc.o
 .ARM.attributes
                0x000001b0       0x39 c:/Users/innocentevil/arm_cworkspace/tachyos_v0.0.3/Debug/hal/tch_spi.o
 .ARM.attributes
                0x000001e9       0x39 c:/Users/innocentevil/arm_cworkspace/tachyos_v0.0.3/Debug/hal/tch_timer.o
 .ARM.attributes
                0x00000222       0x39 c:/Users/innocentevil/arm_cworkspace/tachyos_v0.0.3/Debug/hal/tch_usart.o
 .ARM.attributes
                0x0000025b       0x39 c:/Users/innocentevil/arm_cworkspace/tachyos_v0.0.3/Debug/lib/tch_absdata.o
 .ARM.attributes
                0x00000294       0x39 c:/Users/innocentevil/arm_cworkspace/tachyos_v0.0.3/Debug/lib/tch_lib.o
 .ARM.attributes
                0x000002cd       0x39 c:/Users/innocentevil/arm_cworkspace/tachyos_v0.0.3/Debug/sys/tch_ipc.o
 .ARM.attributes
                0x00000306       0x39 c:/Users/innocentevil/arm_cworkspace/tachyos_v0.0.3/Debug/sys/tch_mpool.o
 .ARM.attributes
                0x0000033f       0x39 c:/Users/innocentevil/arm_cworkspace/tachyos_v0.0.3/Debug/sys/tch_mtx.o
 .ARM.attributes
                0x00000378       0x39 c:/Users/innocentevil/arm_cworkspace/tachyos_v0.0.3/Debug/sys/tch_sched.o
 .ARM.attributes
                0x000003b1       0x39 c:/Users/innocentevil/arm_cworkspace/tachyos_v0.0.3/Debug/sys/tch_sig.o
 .ARM.attributes
                0x000003ea       0x39 c:/Users/innocentevil/arm_cworkspace/tachyos_v0.0.3/Debug/sys/tch_sys.o
 .ARM.attributes
                0x00000423       0x39 c:/Users/innocentevil/arm_cworkspace/tachyos_v0.0.3/Debug/sys/tch_thread.o
 .ARM.attributes
                0x0000045c       0x39 c:/Users/innocentevil/arm_cworkspace/tachyos_v0.0.3/Debug/sys/tch_mem.o
 .ARM.attributes
                0x00000495       0x39 c:/Users/innocentevil/arm_cworkspace/tachyos_v0.0.3/Debug/usr/main.o

.debug
 *(.debug)

.line
 *(.line)

.debug_srcinfo
 *(.debug_srcinfo)

.debug_sfnames
 *(.debug_sfnames)

.debug_aranges  0x00000000      0x540
 *(.debug_aranges)
 .debug_aranges
                0x00000000       0xb0 c:/Users/innocentevil/arm_cworkspace/tachyos_v0.0.3/Debug/port/tch_port.o
 .debug_aranges
                0x000000b0       0x28 c:/Users/innocentevil/arm_cworkspace/tachyos_v0.0.3/Debug/hal/startup_stm32f40xx.o
 .debug_aranges
                0x000000d8       0x30 c:/Users/innocentevil/arm_cworkspace/tachyos_v0.0.3/Debug/hal/system_stm32f4xx.o
 .debug_aranges
                0x00000108       0x18 c:/Users/innocentevil/arm_cworkspace/tachyos_v0.0.3/Debug/hal/tch_adc.o
 .debug_aranges
                0x00000120       0x28 c:/Users/innocentevil/arm_cworkspace/tachyos_v0.0.3/Debug/hal/tch_gpio.o
 .debug_aranges
                0x00000148       0x20 c:/Users/innocentevil/arm_cworkspace/tachyos_v0.0.3/Debug/hal/tch_hal.o
 .debug_aranges
                0x00000168       0x18 c:/Users/innocentevil/arm_cworkspace/tachyos_v0.0.3/Debug/hal/tch_i2c.o
 .debug_aranges
                0x00000180       0x18 c:/Users/innocentevil/arm_cworkspace/tachyos_v0.0.3/Debug/hal/tch_rtc.o
 .debug_aranges
                0x00000198       0x18 c:/Users/innocentevil/arm_cworkspace/tachyos_v0.0.3/Debug/hal/tch_spi.o
 .debug_aranges
                0x000001b0       0x38 c:/Users/innocentevil/arm_cworkspace/tachyos_v0.0.3/Debug/hal/tch_timer.o
 .debug_aranges
                0x000001e8       0x18 c:/Users/innocentevil/arm_cworkspace/tachyos_v0.0.3/Debug/hal/tch_usart.o
 .debug_aranges
                0x00000200       0x60 c:/Users/innocentevil/arm_cworkspace/tachyos_v0.0.3/Debug/lib/tch_absdata.o
 .debug_aranges
                0x00000260       0x68 c:/Users/innocentevil/arm_cworkspace/tachyos_v0.0.3/Debug/lib/tch_lib.o
 .debug_aranges
                0x000002c8       0x60 c:/Users/innocentevil/arm_cworkspace/tachyos_v0.0.3/Debug/sys/tch_ipc.o
 .debug_aranges
                0x00000328       0x38 c:/Users/innocentevil/arm_cworkspace/tachyos_v0.0.3/Debug/sys/tch_mpool.o
 .debug_aranges
                0x00000360       0x38 c:/Users/innocentevil/arm_cworkspace/tachyos_v0.0.3/Debug/sys/tch_mtx.o
 .debug_aranges
                0x00000398       0x90 c:/Users/innocentevil/arm_cworkspace/tachyos_v0.0.3/Debug/sys/tch_sched.o
 .debug_aranges
                0x00000428       0x30 c:/Users/innocentevil/arm_cworkspace/tachyos_v0.0.3/Debug/sys/tch_sig.o
 .debug_aranges
                0x00000458       0x30 c:/Users/innocentevil/arm_cworkspace/tachyos_v0.0.3/Debug/sys/tch_sys.o
 .debug_aranges
                0x00000488       0x68 c:/Users/innocentevil/arm_cworkspace/tachyos_v0.0.3/Debug/sys/tch_thread.o
 .debug_aranges
                0x000004f0       0x30 c:/Users/innocentevil/arm_cworkspace/tachyos_v0.0.3/Debug/sys/tch_mem.o
 .debug_aranges
                0x00000520       0x20 c:/Users/innocentevil/arm_cworkspace/tachyos_v0.0.3/Debug/usr/main.o

.debug_pubnames
 *(.debug_pubnames)

.debug_info     0x00000000     0x9ff9
 *(.debug_info .gnu.linkonce.wi.*)
 .debug_info    0x00000000     0x10d9 c:/Users/innocentevil/arm_cworkspace/tachyos_v0.0.3/Debug/port/tch_port.o
 .debug_info    0x000010d9       0xbb c:/Users/innocentevil/arm_cworkspace/tachyos_v0.0.3/Debug/hal/startup_stm32f40xx.o
 .debug_info    0x00001194      0x6cb c:/Users/innocentevil/arm_cworkspace/tachyos_v0.0.3/Debug/hal/system_stm32f4xx.o
 .debug_info    0x0000185f       0xf7 c:/Users/innocentevil/arm_cworkspace/tachyos_v0.0.3/Debug/hal/tch_adc.o
 .debug_info    0x00001956      0x401 c:/Users/innocentevil/arm_cworkspace/tachyos_v0.0.3/Debug/hal/tch_gpio.o
 .debug_info    0x00001d57      0x561 c:/Users/innocentevil/arm_cworkspace/tachyos_v0.0.3/Debug/hal/tch_hal.o
 .debug_info    0x000022b8       0xf7 c:/Users/innocentevil/arm_cworkspace/tachyos_v0.0.3/Debug/hal/tch_i2c.o
 .debug_info    0x000023af       0xf7 c:/Users/innocentevil/arm_cworkspace/tachyos_v0.0.3/Debug/hal/tch_rtc.o
 .debug_info    0x000024a6       0xf7 c:/Users/innocentevil/arm_cworkspace/tachyos_v0.0.3/Debug/hal/tch_spi.o
 .debug_info    0x0000259d      0x4c1 c:/Users/innocentevil/arm_cworkspace/tachyos_v0.0.3/Debug/hal/tch_timer.o
 .debug_info    0x00002a5e       0xf7 c:/Users/innocentevil/arm_cworkspace/tachyos_v0.0.3/Debug/hal/tch_usart.o
 .debug_info    0x00002b55      0x46b c:/Users/innocentevil/arm_cworkspace/tachyos_v0.0.3/Debug/lib/tch_absdata.o
 .debug_info    0x00002fc0      0x428 c:/Users/innocentevil/arm_cworkspace/tachyos_v0.0.3/Debug/lib/tch_lib.o
 .debug_info    0x000033e8      0x891 c:/Users/innocentevil/arm_cworkspace/tachyos_v0.0.3/Debug/sys/tch_ipc.o
 .debug_info    0x00003c79      0x3e9 c:/Users/innocentevil/arm_cworkspace/tachyos_v0.0.3/Debug/sys/tch_mpool.o
 .debug_info    0x00004062      0x39d c:/Users/innocentevil/arm_cworkspace/tachyos_v0.0.3/Debug/sys/tch_mtx.o
 .debug_info    0x000043ff     0x1ee3 c:/Users/innocentevil/arm_cworkspace/tachyos_v0.0.3/Debug/sys/tch_sched.o
 .debug_info    0x000062e2      0x59b c:/Users/innocentevil/arm_cworkspace/tachyos_v0.0.3/Debug/sys/tch_sig.o
 .debug_info    0x0000687d     0x1ba3 c:/Users/innocentevil/arm_cworkspace/tachyos_v0.0.3/Debug/sys/tch_sys.o
 .debug_info    0x00008420      0x834 c:/Users/innocentevil/arm_cworkspace/tachyos_v0.0.3/Debug/sys/tch_thread.o
 .debug_info    0x00008c54      0x287 c:/Users/innocentevil/arm_cworkspace/tachyos_v0.0.3/Debug/sys/tch_mem.o
 .debug_info    0x00008edb     0x111e c:/Users/innocentevil/arm_cworkspace/tachyos_v0.0.3/Debug/usr/main.o

.debug_abbrev   0x00000000     0x1c91
 *(.debug_abbrev)
 .debug_abbrev  0x00000000      0x31c c:/Users/innocentevil/arm_cworkspace/tachyos_v0.0.3/Debug/port/tch_port.o
 .debug_abbrev  0x0000031c       0x12 c:/Users/innocentevil/arm_cworkspace/tachyos_v0.0.3/Debug/hal/startup_stm32f40xx.o
 .debug_abbrev  0x0000032e      0x151 c:/Users/innocentevil/arm_cworkspace/tachyos_v0.0.3/Debug/hal/system_stm32f4xx.o
 .debug_abbrev  0x0000047f       0xa7 c:/Users/innocentevil/arm_cworkspace/tachyos_v0.0.3/Debug/hal/tch_adc.o
 .debug_abbrev  0x00000526      0x126 c:/Users/innocentevil/arm_cworkspace/tachyos_v0.0.3/Debug/hal/tch_gpio.o
 .debug_abbrev  0x0000064c      0x10e c:/Users/innocentevil/arm_cworkspace/tachyos_v0.0.3/Debug/hal/tch_hal.o
 .debug_abbrev  0x0000075a       0xa7 c:/Users/innocentevil/arm_cworkspace/tachyos_v0.0.3/Debug/hal/tch_i2c.o
 .debug_abbrev  0x00000801       0xa7 c:/Users/innocentevil/arm_cworkspace/tachyos_v0.0.3/Debug/hal/tch_rtc.o
 .debug_abbrev  0x000008a8       0xa7 c:/Users/innocentevil/arm_cworkspace/tachyos_v0.0.3/Debug/hal/tch_spi.o
 .debug_abbrev  0x0000094f      0x135 c:/Users/innocentevil/arm_cworkspace/tachyos_v0.0.3/Debug/hal/tch_timer.o
 .debug_abbrev  0x00000a84       0xa7 c:/Users/innocentevil/arm_cworkspace/tachyos_v0.0.3/Debug/hal/tch_usart.o
 .debug_abbrev  0x00000b2b      0x15f c:/Users/innocentevil/arm_cworkspace/tachyos_v0.0.3/Debug/lib/tch_absdata.o
 .debug_abbrev  0x00000c8a      0x108 c:/Users/innocentevil/arm_cworkspace/tachyos_v0.0.3/Debug/lib/tch_lib.o
 .debug_abbrev  0x00000d92      0x1a0 c:/Users/innocentevil/arm_cworkspace/tachyos_v0.0.3/Debug/sys/tch_ipc.o
 .debug_abbrev  0x00000f32      0x107 c:/Users/innocentevil/arm_cworkspace/tachyos_v0.0.3/Debug/sys/tch_mpool.o
 .debug_abbrev  0x00001039      0x116 c:/Users/innocentevil/arm_cworkspace/tachyos_v0.0.3/Debug/sys/tch_mtx.o
 .debug_abbrev  0x0000114f      0x345 c:/Users/innocentevil/arm_cworkspace/tachyos_v0.0.3/Debug/sys/tch_sched.o
 .debug_abbrev  0x00001494      0x125 c:/Users/innocentevil/arm_cworkspace/tachyos_v0.0.3/Debug/sys/tch_sig.o
 .debug_abbrev  0x000015b9      0x26f c:/Users/innocentevil/arm_cworkspace/tachyos_v0.0.3/Debug/sys/tch_sys.o
 .debug_abbrev  0x00001828      0x1b8 c:/Users/innocentevil/arm_cworkspace/tachyos_v0.0.3/Debug/sys/tch_thread.o
 .debug_abbrev  0x000019e0      0x113 c:/Users/innocentevil/arm_cworkspace/tachyos_v0.0.3/Debug/sys/tch_mem.o
 .debug_abbrev  0x00001af3      0x19e c:/Users/innocentevil/arm_cworkspace/tachyos_v0.0.3/Debug/usr/main.o

.debug_line     0x00000000     0x61a3
 *(.debug_line)
 .debug_line    0x00000000      0x725 c:/Users/innocentevil/arm_cworkspace/tachyos_v0.0.3/Debug/port/tch_port.o
 .debug_line    0x00000725       0xbe c:/Users/innocentevil/arm_cworkspace/tachyos_v0.0.3/Debug/hal/startup_stm32f40xx.o
 .debug_line    0x000007e3      0x40a c:/Users/innocentevil/arm_cworkspace/tachyos_v0.0.3/Debug/hal/system_stm32f4xx.o
 .debug_line    0x00000bed      0x424 c:/Users/innocentevil/arm_cworkspace/tachyos_v0.0.3/Debug/hal/tch_adc.o
 .debug_line    0x00001011      0x47e c:/Users/innocentevil/arm_cworkspace/tachyos_v0.0.3/Debug/hal/tch_gpio.o
 .debug_line    0x0000148f      0x453 c:/Users/innocentevil/arm_cworkspace/tachyos_v0.0.3/Debug/hal/tch_hal.o
 .debug_line    0x000018e2      0x424 c:/Users/innocentevil/arm_cworkspace/tachyos_v0.0.3/Debug/hal/tch_i2c.o
 .debug_line    0x00001d06      0x424 c:/Users/innocentevil/arm_cworkspace/tachyos_v0.0.3/Debug/hal/tch_rtc.o
 .debug_line    0x0000212a      0x424 c:/Users/innocentevil/arm_cworkspace/tachyos_v0.0.3/Debug/hal/tch_spi.o
 .debug_line    0x0000254e      0x466 c:/Users/innocentevil/arm_cworkspace/tachyos_v0.0.3/Debug/hal/tch_timer.o
 .debug_line    0x000029b4      0x426 c:/Users/innocentevil/arm_cworkspace/tachyos_v0.0.3/Debug/hal/tch_usart.o
 .debug_line    0x00002dda      0x31c c:/Users/innocentevil/arm_cworkspace/tachyos_v0.0.3/Debug/lib/tch_absdata.o
 .debug_line    0x000030f6      0x347 c:/Users/innocentevil/arm_cworkspace/tachyos_v0.0.3/Debug/lib/tch_lib.o
 .debug_line    0x0000343d      0x609 c:/Users/innocentevil/arm_cworkspace/tachyos_v0.0.3/Debug/sys/tch_ipc.o
 .debug_line    0x00003a46      0x537 c:/Users/innocentevil/arm_cworkspace/tachyos_v0.0.3/Debug/sys/tch_mpool.o
 .debug_line    0x00003f7d      0x4dd c:/Users/innocentevil/arm_cworkspace/tachyos_v0.0.3/Debug/sys/tch_mtx.o
 .debug_line    0x0000445a      0x663 c:/Users/innocentevil/arm_cworkspace/tachyos_v0.0.3/Debug/sys/tch_sched.o
 .debug_line    0x00004abd      0x4e2 c:/Users/innocentevil/arm_cworkspace/tachyos_v0.0.3/Debug/sys/tch_sig.o
 .debug_line    0x00004f9f      0x52b c:/Users/innocentevil/arm_cworkspace/tachyos_v0.0.3/Debug/sys/tch_sys.o
 .debug_line    0x000054ca      0x552 c:/Users/innocentevil/arm_cworkspace/tachyos_v0.0.3/Debug/sys/tch_thread.o
 .debug_line    0x00005a1c      0x4d0 c:/Users/innocentevil/arm_cworkspace/tachyos_v0.0.3/Debug/sys/tch_mem.o
 .debug_line    0x00005eec      0x2b7 c:/Users/innocentevil/arm_cworkspace/tachyos_v0.0.3/Debug/usr/main.o

.debug_frame    0x00000000      0xc94
 *(.debug_frame)
 .debug_frame   0x00000000      0x224 c:/Users/innocentevil/arm_cworkspace/tachyos_v0.0.3/Debug/port/tch_port.o
 .debug_frame   0x00000224       0x68 c:/Users/innocentevil/arm_cworkspace/tachyos_v0.0.3/Debug/hal/system_stm32f4xx.o
 .debug_frame   0x0000028c       0x44 c:/Users/innocentevil/arm_cworkspace/tachyos_v0.0.3/Debug/hal/tch_gpio.o
 .debug_frame   0x000002d0       0x2c c:/Users/innocentevil/arm_cworkspace/tachyos_v0.0.3/Debug/hal/tch_hal.o
 .debug_frame   0x000002fc       0x80 c:/Users/innocentevil/arm_cworkspace/tachyos_v0.0.3/Debug/hal/tch_timer.o
 .debug_frame   0x0000037c      0x118 c:/Users/innocentevil/arm_cworkspace/tachyos_v0.0.3/Debug/lib/tch_absdata.o
 .debug_frame   0x00000494      0x12c c:/Users/innocentevil/arm_cworkspace/tachyos_v0.0.3/Debug/lib/tch_lib.o
 .debug_frame   0x000005c0      0x130 c:/Users/innocentevil/arm_cworkspace/tachyos_v0.0.3/Debug/sys/tch_ipc.o
 .debug_frame   0x000006f0       0x90 c:/Users/innocentevil/arm_cworkspace/tachyos_v0.0.3/Debug/sys/tch_mpool.o
 .debug_frame   0x00000780       0x90 c:/Users/innocentevil/arm_cworkspace/tachyos_v0.0.3/Debug/sys/tch_mtx.o
 .debug_frame   0x00000810      0x1e0 c:/Users/innocentevil/arm_cworkspace/tachyos_v0.0.3/Debug/sys/tch_sched.o
 .debug_frame   0x000009f0       0x70 c:/Users/innocentevil/arm_cworkspace/tachyos_v0.0.3/Debug/sys/tch_sig.o
 .debug_frame   0x00000a60       0x60 c:/Users/innocentevil/arm_cworkspace/tachyos_v0.0.3/Debug/sys/tch_sys.o
 .debug_frame   0x00000ac0      0x140 c:/Users/innocentevil/arm_cworkspace/tachyos_v0.0.3/Debug/sys/tch_thread.o
 .debug_frame   0x00000c00       0x64 c:/Users/innocentevil/arm_cworkspace/tachyos_v0.0.3/Debug/sys/tch_mem.o
 .debug_frame   0x00000c64       0x30 c:/Users/innocentevil/arm_cworkspace/tachyos_v0.0.3/Debug/usr/main.o

.debug_str      0x00000000    0x3c5aa
 *(.debug_str)
 .debug_str     0x00000000    0x3a76e c:/Users/innocentevil/arm_cworkspace/tachyos_v0.0.3/Debug/port/tch_port.o
                              0x3a925 (size before relaxing)
 .debug_str     0x0003a76e      0x261 c:/Users/innocentevil/arm_cworkspace/tachyos_v0.0.3/Debug/hal/system_stm32f4xx.o
                              0x39b76 (size before relaxing)
 .debug_str     0x0003a9cf       0x9e c:/Users/innocentevil/arm_cworkspace/tachyos_v0.0.3/Debug/hal/tch_adc.o
                              0x3988e (size before relaxing)
 .debug_str     0x0003aa6d      0x4af c:/Users/innocentevil/arm_cworkspace/tachyos_v0.0.3/Debug/hal/tch_gpio.o
                              0x39d39 (size before relaxing)
 .debug_str     0x0003af1c      0x240 c:/Users/innocentevil/arm_cworkspace/tachyos_v0.0.3/Debug/hal/tch_hal.o
                              0x39aee (size before relaxing)
 .debug_str     0x0003b15c       0x81 c:/Users/innocentevil/arm_cworkspace/tachyos_v0.0.3/Debug/hal/tch_i2c.o
                              0x3988e (size before relaxing)
 .debug_str     0x0003b1dd       0x81 c:/Users/innocentevil/arm_cworkspace/tachyos_v0.0.3/Debug/hal/tch_rtc.o
                              0x3988e (size before relaxing)
 .debug_str     0x0003b25e       0x81 c:/Users/innocentevil/arm_cworkspace/tachyos_v0.0.3/Debug/hal/tch_spi.o
                              0x3988e (size before relaxing)
 .debug_str     0x0003b2df       0xef c:/Users/innocentevil/arm_cworkspace/tachyos_v0.0.3/Debug/hal/tch_timer.o
                              0x39aa0 (size before relaxing)
 .debug_str     0x0003b3ce       0x87 c:/Users/innocentevil/arm_cworkspace/tachyos_v0.0.3/Debug/hal/tch_usart.o
                              0x39898 (size before relaxing)
 .debug_str     0x0003b455      0x215 c:/Users/innocentevil/arm_cworkspace/tachyos_v0.0.3/Debug/lib/tch_absdata.o
                               0x3553 (size before relaxing)
 .debug_str     0x0003b66a       0xf6 c:/Users/innocentevil/arm_cworkspace/tachyos_v0.0.3/Debug/lib/tch_lib.o
                               0x33f7 (size before relaxing)
 .debug_str     0x0003b760      0x27c c:/Users/innocentevil/arm_cworkspace/tachyos_v0.0.3/Debug/sys/tch_ipc.o
                              0x3a1c1 (size before relaxing)
 .debug_str     0x0003b9dc      0x115 c:/Users/innocentevil/arm_cworkspace/tachyos_v0.0.3/Debug/sys/tch_mpool.o
                              0x3a017 (size before relaxing)
 .debug_str     0x0003baf1      0x103 c:/Users/innocentevil/arm_cworkspace/tachyos_v0.0.3/Debug/sys/tch_mtx.o
                              0x3a03a (size before relaxing)
 .debug_str     0x0003bbf4      0x630 c:/Users/innocentevil/arm_cworkspace/tachyos_v0.0.3/Debug/sys/tch_sched.o
                              0x3abf5 (size before relaxing)
 .debug_str     0x0003c224       0x8f c:/Users/innocentevil/arm_cworkspace/tachyos_v0.0.3/Debug/sys/tch_sig.o
                              0x3a13e (size before relaxing)
 .debug_str     0x0003c2b3       0x84 c:/Users/innocentevil/arm_cworkspace/tachyos_v0.0.3/Debug/sys/tch_sys.o
                              0x3aa09 (size before relaxing)
 .debug_str     0x0003c337      0x138 c:/Users/innocentevil/arm_cworkspace/tachyos_v0.0.3/Debug/sys/tch_thread.o
                              0x3a302 (size before relaxing)
 .debug_str     0x0003c46f       0xc0 c:/Users/innocentevil/arm_cworkspace/tachyos_v0.0.3/Debug/sys/tch_mem.o
                              0x39ed9 (size before relaxing)
 .debug_str     0x0003c52f       0x7b c:/Users/innocentevil/arm_cworkspace/tachyos_v0.0.3/Debug/usr/main.o
                               0x3d44 (size before relaxing)

.debug_loc      0x00000000     0x14c0
 *(.debug_loc)
 .debug_loc     0x00000000      0x388 c:/Users/innocentevil/arm_cworkspace/tachyos_v0.0.3/Debug/port/tch_port.o
 .debug_loc     0x00000388       0x9c c:/Users/innocentevil/arm_cworkspace/tachyos_v0.0.3/Debug/hal/system_stm32f4xx.o
 .debug_loc     0x00000424       0x64 c:/Users/innocentevil/arm_cworkspace/tachyos_v0.0.3/Debug/hal/tch_gpio.o
 .debug_loc     0x00000488       0x2c c:/Users/innocentevil/arm_cworkspace/tachyos_v0.0.3/Debug/hal/tch_hal.o
 .debug_loc     0x000004b4       0xe0 c:/Users/innocentevil/arm_cworkspace/tachyos_v0.0.3/Debug/hal/tch_timer.o
 .debug_loc     0x00000594      0x1f8 c:/Users/innocentevil/arm_cworkspace/tachyos_v0.0.3/Debug/lib/tch_absdata.o
 .debug_loc     0x0000078c      0x230 c:/Users/innocentevil/arm_cworkspace/tachyos_v0.0.3/Debug/lib/tch_lib.o
 .debug_loc     0x000009bc      0x1f8 c:/Users/innocentevil/arm_cworkspace/tachyos_v0.0.3/Debug/sys/tch_ipc.o
 .debug_loc     0x00000bb4       0xe0 c:/Users/innocentevil/arm_cworkspace/tachyos_v0.0.3/Debug/sys/tch_mpool.o
 .debug_loc     0x00000c94       0xe0 c:/Users/innocentevil/arm_cworkspace/tachyos_v0.0.3/Debug/sys/tch_mtx.o
 .debug_loc     0x00000d74      0x33c c:/Users/innocentevil/arm_cworkspace/tachyos_v0.0.3/Debug/sys/tch_sched.o
 .debug_loc     0x000010b0       0xa8 c:/Users/innocentevil/arm_cworkspace/tachyos_v0.0.3/Debug/sys/tch_sig.o
 .debug_loc     0x00001158       0x70 c:/Users/innocentevil/arm_cworkspace/tachyos_v0.0.3/Debug/sys/tch_sys.o
 .debug_loc     0x000011c8      0x218 c:/Users/innocentevil/arm_cworkspace/tachyos_v0.0.3/Debug/sys/tch_thread.o
 .debug_loc     0x000013e0       0xa8 c:/Users/innocentevil/arm_cworkspace/tachyos_v0.0.3/Debug/sys/tch_mem.o
 .debug_loc     0x00001488       0x38 c:/Users/innocentevil/arm_cworkspace/tachyos_v0.0.3/Debug/usr/main.o

.debug_macinfo
 *(.debug_macinfo)

.debug_weaknames
 *(.debug_weaknames)

.debug_funcnames
 *(.debug_funcnames)

.debug_typenames
 *(.debug_typenames)

.debug_varnames
 *(.debug_varnames)
OUTPUT(c:/Users/innocentevil/arm_cworkspace/tachyos_v0.0.3/Debug/tachyos.elf elf32-littlearm)

.debug_ranges   0x00000000      0x3c0
 .debug_ranges  0x00000000       0xa0 c:/Users/innocentevil/arm_cworkspace/tachyos_v0.0.3/Debug/port/tch_port.o
 .debug_ranges  0x000000a0       0x20 c:/Users/innocentevil/arm_cworkspace/tachyos_v0.0.3/Debug/hal/startup_stm32f40xx.o
 .debug_ranges  0x000000c0       0x20 c:/Users/innocentevil/arm_cworkspace/tachyos_v0.0.3/Debug/hal/system_stm32f4xx.o
 .debug_ranges  0x000000e0       0x18 c:/Users/innocentevil/arm_cworkspace/tachyos_v0.0.3/Debug/hal/tch_gpio.o
 .debug_ranges  0x000000f8       0x10 c:/Users/innocentevil/arm_cworkspace/tachyos_v0.0.3/Debug/hal/tch_hal.o
 .debug_ranges  0x00000108       0x28 c:/Users/innocentevil/arm_cworkspace/tachyos_v0.0.3/Debug/hal/tch_timer.o
 .debug_ranges  0x00000130       0x50 c:/Users/innocentevil/arm_cworkspace/tachyos_v0.0.3/Debug/lib/tch_absdata.o
 .debug_ranges  0x00000180       0x58 c:/Users/innocentevil/arm_cworkspace/tachyos_v0.0.3/Debug/lib/tch_lib.o
 .debug_ranges  0x000001d8       0x50 c:/Users/innocentevil/arm_cworkspace/tachyos_v0.0.3/Debug/sys/tch_ipc.o
 .debug_ranges  0x00000228       0x28 c:/Users/innocentevil/arm_cworkspace/tachyos_v0.0.3/Debug/sys/tch_mpool.o
 .debug_ranges  0x00000250       0x28 c:/Users/innocentevil/arm_cworkspace/tachyos_v0.0.3/Debug/sys/tch_mtx.o
 .debug_ranges  0x00000278       0x80 c:/Users/innocentevil/arm_cworkspace/tachyos_v0.0.3/Debug/sys/tch_sched.o
 .debug_ranges  0x000002f8       0x20 c:/Users/innocentevil/arm_cworkspace/tachyos_v0.0.3/Debug/sys/tch_sig.o
 .debug_ranges  0x00000318       0x20 c:/Users/innocentevil/arm_cworkspace/tachyos_v0.0.3/Debug/sys/tch_sys.o
 .debug_ranges  0x00000338       0x58 c:/Users/innocentevil/arm_cworkspace/tachyos_v0.0.3/Debug/sys/tch_thread.o
 .debug_ranges  0x00000390       0x20 c:/Users/innocentevil/arm_cworkspace/tachyos_v0.0.3/Debug/sys/tch_mem.o
 .debug_ranges  0x000003b0       0x10 c:/Users/innocentevil/arm_cworkspace/tachyos_v0.0.3/Debug/usr/main.o

.debug_macro    0x00000000     0xc39d
 .debug_macro   0x00000000      0x1cc c:/Users/innocentevil/arm_cworkspace/tachyos_v0.0.3/Debug/port/tch_port.o
 .debug_macro   0x000001cc      0x7f6 c:/Users/innocentevil/arm_cworkspace/tachyos_v0.0.3/Debug/port/tch_port.o
 .debug_macro   0x000009c2      0x34e c:/Users/innocentevil/arm_cworkspace/tachyos_v0.0.3/Debug/port/tch_port.o
 .debug_macro   0x00000d10       0x3a c:/Users/innocentevil/arm_cworkspace/tachyos_v0.0.3/Debug/port/tch_port.o
 .debug_macro   0x00000d4a       0x1c c:/Users/innocentevil/arm_cworkspace/tachyos_v0.0.3/Debug/port/tch_port.o
 .debug_macro   0x00000d66       0x10 c:/Users/innocentevil/arm_cworkspace/tachyos_v0.0.3/Debug/port/tch_port.o
 .debug_macro   0x00000d76       0x16 c:/Users/innocentevil/arm_cworkspace/tachyos_v0.0.3/Debug/port/tch_port.o
 .debug_macro   0x00000d8c       0x1c c:/Users/innocentevil/arm_cworkspace/tachyos_v0.0.3/Debug/port/tch_port.o
 .debug_macro   0x00000da8       0x2e c:/Users/innocentevil/arm_cworkspace/tachyos_v0.0.3/Debug/port/tch_port.o
 .debug_macro   0x00000dd6       0x22 c:/Users/innocentevil/arm_cworkspace/tachyos_v0.0.3/Debug/port/tch_port.o
 .debug_macro   0x00000df8       0x8e c:/Users/innocentevil/arm_cworkspace/tachyos_v0.0.3/Debug/port/tch_port.o
 .debug_macro   0x00000e86       0x5e c:/Users/innocentevil/arm_cworkspace/tachyos_v0.0.3/Debug/port/tch_port.o
 .debug_macro   0x00000ee4       0x3b c:/Users/innocentevil/arm_cworkspace/tachyos_v0.0.3/Debug/port/tch_port.o
 .debug_macro   0x00000f1f       0x2d c:/Users/innocentevil/arm_cworkspace/tachyos_v0.0.3/Debug/port/tch_port.o
 .debug_macro   0x00000f4c       0x26 c:/Users/innocentevil/arm_cworkspace/tachyos_v0.0.3/Debug/port/tch_port.o
 .debug_macro   0x00000f72      0xd39 c:/Users/innocentevil/arm_cworkspace/tachyos_v0.0.3/Debug/port/tch_port.o
 .debug_macro   0x00001cab     0x8be1 c:/Users/innocentevil/arm_cworkspace/tachyos_v0.0.3/Debug/port/tch_port.o
 .debug_macro   0x0000a88c       0x58 c:/Users/innocentevil/arm_cworkspace/tachyos_v0.0.3/Debug/port/tch_port.o
 .debug_macro   0x0000a8e4      0x103 c:/Users/innocentevil/arm_cworkspace/tachyos_v0.0.3/Debug/hal/system_stm32f4xx.o
 .debug_macro   0x0000a9e7      0x129 c:/Users/innocentevil/arm_cworkspace/tachyos_v0.0.3/Debug/hal/tch_adc.o
 .debug_macro   0x0000ab10       0x40 c:/Users/innocentevil/arm_cworkspace/tachyos_v0.0.3/Debug/hal/tch_adc.o
 .debug_macro   0x0000ab50      0x15d c:/Users/innocentevil/arm_cworkspace/tachyos_v0.0.3/Debug/hal/tch_gpio.o
 .debug_macro   0x0000acad       0x10 c:/Users/innocentevil/arm_cworkspace/tachyos_v0.0.3/Debug/hal/tch_gpio.o
 .debug_macro   0x0000acbd       0x3a c:/Users/innocentevil/arm_cworkspace/tachyos_v0.0.3/Debug/hal/tch_gpio.o
 .debug_macro   0x0000acf7      0x16c c:/Users/innocentevil/arm_cworkspace/tachyos_v0.0.3/Debug/hal/tch_gpio.o
 .debug_macro   0x0000ae63      0x12d c:/Users/innocentevil/arm_cworkspace/tachyos_v0.0.3/Debug/hal/tch_hal.o
 .debug_macro   0x0000af90      0x129 c:/Users/innocentevil/arm_cworkspace/tachyos_v0.0.3/Debug/hal/tch_i2c.o
 .debug_macro   0x0000b0b9      0x129 c:/Users/innocentevil/arm_cworkspace/tachyos_v0.0.3/Debug/hal/tch_rtc.o
 .debug_macro   0x0000b1e2      0x129 c:/Users/innocentevil/arm_cworkspace/tachyos_v0.0.3/Debug/hal/tch_spi.o
 .debug_macro   0x0000b30b      0x129 c:/Users/innocentevil/arm_cworkspace/tachyos_v0.0.3/Debug/hal/tch_timer.o
 .debug_macro   0x0000b434      0x129 c:/Users/innocentevil/arm_cworkspace/tachyos_v0.0.3/Debug/hal/tch_usart.o
 .debug_macro   0x0000b55d       0x92 c:/Users/innocentevil/arm_cworkspace/tachyos_v0.0.3/Debug/lib/tch_absdata.o
 .debug_macro   0x0000b5ef       0x40 c:/Users/innocentevil/arm_cworkspace/tachyos_v0.0.3/Debug/lib/tch_absdata.o
 .debug_macro   0x0000b62f       0x98 c:/Users/innocentevil/arm_cworkspace/tachyos_v0.0.3/Debug/lib/tch_lib.o
 .debug_macro   0x0000b6c7      0x182 c:/Users/innocentevil/arm_cworkspace/tachyos_v0.0.3/Debug/sys/tch_ipc.o
 .debug_macro   0x0000b849      0x182 c:/Users/innocentevil/arm_cworkspace/tachyos_v0.0.3/Debug/sys/tch_mpool.o
 .debug_macro   0x0000b9cb      0x17e c:/Users/innocentevil/arm_cworkspace/tachyos_v0.0.3/Debug/sys/tch_mtx.o
 .debug_macro   0x0000bb49      0x19a c:/Users/innocentevil/arm_cworkspace/tachyos_v0.0.3/Debug/sys/tch_sched.o
 .debug_macro   0x0000bce3      0x182 c:/Users/innocentevil/arm_cworkspace/tachyos_v0.0.3/Debug/sys/tch_sig.o
 .debug_macro   0x0000be65      0x17e c:/Users/innocentevil/arm_cworkspace/tachyos_v0.0.3/Debug/sys/tch_sys.o
 .debug_macro   0x0000bfe3      0x184 c:/Users/innocentevil/arm_cworkspace/tachyos_v0.0.3/Debug/sys/tch_thread.o
 .debug_macro   0x0000c167      0x174 c:/Users/innocentevil/arm_cworkspace/tachyos_v0.0.3/Debug/sys/tch_mem.o
 .debug_macro   0x0000c2db       0xc2 c:/Users/innocentevil/arm_cworkspace/tachyos_v0.0.3/Debug/usr/main.o
